###############################################################################
#
# IAR ELF Linker V9.32.1.338/W64 for ARM                  10/Jan/2023  21:53:29
# Copyright 2007-2022 IAR Systems AB.
#
#    Output file  =
#        F:\Projects\STM32F411_project\C-Programm\EWARM\C-Programm\Exe\C-Programm.out
#    Map file     =
#        F:\Projects\STM32F411_project\C-Programm\EWARM\C-Programm\List\C-Programm.map
#    Command line =
#        -f
#        F:\Projects\STM32F411_project\C-Programm\EWARM\C-Programm\Exe\C-Programm.out.rsp
#        (F:\Projects\STM32F411_project\C-Programm\EWARM\C-Programm\Obj\Application\User\Core\main.o
#        F:\Projects\STM32F411_project\C-Programm\EWARM\C-Programm\Obj\Application\EWARM\startup_stm32f411xe.o
#        F:\Projects\STM32F411_project\C-Programm\EWARM\C-Programm\Obj\Drivers\STM32F4xx_HAL_Driver\stm32f4xx_hal.o
#        F:\Projects\STM32F411_project\C-Programm\EWARM\C-Programm\Obj\Drivers\STM32F4xx_HAL_Driver\stm32f4xx_hal_cortex.o
#        F:\Projects\STM32F411_project\C-Programm\EWARM\C-Programm\Obj\Drivers\STM32F4xx_HAL_Driver\stm32f4xx_hal_dma.o
#        F:\Projects\STM32F411_project\C-Programm\EWARM\C-Programm\Obj\Drivers\STM32F4xx_HAL_Driver\stm32f4xx_hal_dma_ex.o
#        F:\Projects\STM32F411_project\C-Programm\EWARM\C-Programm\Obj\Drivers\STM32F4xx_HAL_Driver\stm32f4xx_hal_exti.o
#        F:\Projects\STM32F411_project\C-Programm\EWARM\C-Programm\Obj\Drivers\STM32F4xx_HAL_Driver\stm32f4xx_hal_flash.o
#        F:\Projects\STM32F411_project\C-Programm\EWARM\C-Programm\Obj\Drivers\STM32F4xx_HAL_Driver\stm32f4xx_hal_flash_ex.o
#        F:\Projects\STM32F411_project\C-Programm\EWARM\C-Programm\Obj\Drivers\STM32F4xx_HAL_Driver\stm32f4xx_hal_flash_ramfunc.o
#        F:\Projects\STM32F411_project\C-Programm\EWARM\C-Programm\Obj\Drivers\STM32F4xx_HAL_Driver\stm32f4xx_hal_gpio.o
#        F:\Projects\STM32F411_project\C-Programm\EWARM\C-Programm\Obj\Application\User\Core\stm32f4xx_hal_msp.o
#        F:\Projects\STM32F411_project\C-Programm\EWARM\C-Programm\Obj\Drivers\STM32F4xx_HAL_Driver\stm32f4xx_hal_pwr.o
#        F:\Projects\STM32F411_project\C-Programm\EWARM\C-Programm\Obj\Drivers\STM32F4xx_HAL_Driver\stm32f4xx_hal_pwr_ex.o
#        F:\Projects\STM32F411_project\C-Programm\EWARM\C-Programm\Obj\Drivers\STM32F4xx_HAL_Driver\stm32f4xx_hal_rcc.o
#        F:\Projects\STM32F411_project\C-Programm\EWARM\C-Programm\Obj\Drivers\STM32F4xx_HAL_Driver\stm32f4xx_hal_rcc_ex.o
#        F:\Projects\STM32F411_project\C-Programm\EWARM\C-Programm\Obj\Drivers\STM32F4xx_HAL_Driver\stm32f4xx_hal_tim.o
#        F:\Projects\STM32F411_project\C-Programm\EWARM\C-Programm\Obj\Drivers\STM32F4xx_HAL_Driver\stm32f4xx_hal_tim_ex.o
#        F:\Projects\STM32F411_project\C-Programm\EWARM\C-Programm\Obj\Application\User\Core\stm32f4xx_it.o
#        F:\Projects\STM32F411_project\C-Programm\EWARM\C-Programm\Obj\Drivers\CMSIS\system_stm32f4xx.o
#        --no_out_extension -o
#        F:\Projects\STM32F411_project\C-Programm\EWARM\C-Programm\Exe\C-Programm.out
#        --redirect _Printf=_PrintfFullNoMb --redirect _Scanf=_ScanfFullNoMb
#        --map
#        F:\Projects\STM32F411_project\C-Programm\EWARM\C-Programm\List\C-Programm.map
#        --config
#        F:\Projects\STM32F411_project\C-Programm\EWARM/stm32f411xe_flash.icf
#        --semihosting --entry __iar_program_start --vfe --text_out locale
#        --cpu=Cortex-M4 --fpu=VFPv4_sp)
#
###############################################################################

*******************************************************************************
*** RUNTIME MODEL ATTRIBUTES
***

CppFlavor       = *
__CPP_Runtime   = 1
__SystemLibrary = DLib
__dlib_version  = 6


*******************************************************************************
*** HEAP SELECTION
***

The basic heap was selected because --advanced_heap
was not specified and the application did not appear to
be primarily optimized for speed.


*******************************************************************************
*** PLACEMENT SUMMARY
***

"A0":  place at address 0x800'0000 { ro section .intvec };
"P1":  place in [from 0x800'0000 to 0x807'ffff] { ro };
define block CSTACK with size = 1K, alignment = 8 { };
define block HEAP with size = 512, alignment = 8 { };
"P2":  place in [from 0x2000'0000 to 0x2001'ffff] {
          rw, block CSTACK, block HEAP };
initialize by copy { rw };

  Section            Kind         Address   Size  Object
  -------            ----         -------   ----  ------
"A0":                                      0x198
  .intvec            ro code   0x800'0000  0x198  startup_stm32f411xe.o [1]
                             - 0x800'0198  0x198

"P1":                                      0x370
  .text              ro code   0x800'0198  0x158  main.o [2]
  .text              ro code   0x800'02f0   0x2a  copy_init3.o [7]
  .text              ro code   0x800'031c   0x28  data_init.o [7]
  .text              ro code   0x800'0344   0x22  fpinit_M.o [6]
  .iar.init_table    const     0x800'0368   0x14  - Linker created -
  .text              ro code   0x800'037c   0x1e  cmain.o [7]
  .text              ro code   0x800'039a    0x4  low_level_init.o [5]
  .text              ro code   0x800'039e    0x4  exit.o [5]
  .text              ro code   0x800'03a4    0xa  cexit.o [7]
  .text              ro code   0x800'03b0   0x14  exit.o [8]
  .text              ro code   0x800'03c4   0x1c  cstartup_M.o [7]
  .text              ro code   0x800'03e0   0x14  stm32f4xx_it.o [2]
  .text              ro code   0x800'03f4   0x10  stm32f4xx_hal.o [4]
  .text              ro code   0x800'0404   0x10  startup_stm32f411xe.o [1]
  .text              ro code   0x800'0414   0x10  system_stm32f4xx.o [3]
  Initializer bytes  const     0x800'0424    0xc  <for P2-1>
  .text              ro code   0x800'0430    0x4  startup_stm32f411xe.o [1]
  .text              ro code   0x800'0434    0x4  startup_stm32f411xe.o [1]
  .text              ro code   0x800'0438    0x4  startup_stm32f411xe.o [1]
  .text              ro code   0x800'043c    0x4  startup_stm32f411xe.o [1]
  .text              ro code   0x800'0440    0x4  startup_stm32f411xe.o [1]
  .text              ro code   0x800'0444    0x4  startup_stm32f411xe.o [1]
  .text              ro code   0x800'0448    0x4  startup_stm32f411xe.o [1]
  .text              ro code   0x800'044c    0x4  startup_stm32f411xe.o [1]
  .text              ro code   0x800'0450    0x4  startup_stm32f411xe.o [1]
  .text              ro code   0x800'0454    0x4  startup_stm32f411xe.o [1]
  .text              ro code   0x800'0458    0x4  startup_stm32f411xe.o [1]
  .text              ro code   0x800'045c    0x4  startup_stm32f411xe.o [1]
  .text              ro code   0x800'0460    0x4  startup_stm32f411xe.o [1]
  .text              ro code   0x800'0464    0x4  startup_stm32f411xe.o [1]
  .text              ro code   0x800'0468    0x4  startup_stm32f411xe.o [1]
  .text              ro code   0x800'046c    0x4  startup_stm32f411xe.o [1]
  .text              ro code   0x800'0470    0x4  startup_stm32f411xe.o [1]
  .text              ro code   0x800'0474    0x4  startup_stm32f411xe.o [1]
  .text              ro code   0x800'0478    0x4  startup_stm32f411xe.o [1]
  .text              ro code   0x800'047c    0x4  startup_stm32f411xe.o [1]
  .text              ro code   0x800'0480    0x4  startup_stm32f411xe.o [1]
  .text              ro code   0x800'0484    0x4  startup_stm32f411xe.o [1]
  .text              ro code   0x800'0488    0x4  startup_stm32f411xe.o [1]
  .text              ro code   0x800'048c    0x4  startup_stm32f411xe.o [1]
  .text              ro code   0x800'0490    0x4  startup_stm32f411xe.o [1]
  .text              ro code   0x800'0494    0x4  startup_stm32f411xe.o [1]
  .text              ro code   0x800'0498    0x4  startup_stm32f411xe.o [1]
  .text              ro code   0x800'049c    0x4  startup_stm32f411xe.o [1]
  .text              ro code   0x800'04a0    0x4  startup_stm32f411xe.o [1]
  .text              ro code   0x800'04a4    0x4  startup_stm32f411xe.o [1]
  .text              ro code   0x800'04a8    0x4  startup_stm32f411xe.o [1]
  .text              ro code   0x800'04ac    0x4  startup_stm32f411xe.o [1]
  .text              ro code   0x800'04b0    0x4  startup_stm32f411xe.o [1]
  .text              ro code   0x800'04b4    0x4  startup_stm32f411xe.o [1]
  .text              ro code   0x800'04b8    0x4  startup_stm32f411xe.o [1]
  .text              ro code   0x800'04bc    0x4  startup_stm32f411xe.o [1]
  .text              ro code   0x800'04c0    0x4  startup_stm32f411xe.o [1]
  .text              ro code   0x800'04c4    0x4  startup_stm32f411xe.o [1]
  .text              ro code   0x800'04c8    0x4  startup_stm32f411xe.o [1]
  .text              ro code   0x800'04cc    0x4  startup_stm32f411xe.o [1]
  .text              ro code   0x800'04d0    0x4  startup_stm32f411xe.o [1]
  .text              ro code   0x800'04d4    0x4  startup_stm32f411xe.o [1]
  .text              ro code   0x800'04d8    0x4  startup_stm32f411xe.o [1]
  .text              ro code   0x800'04dc    0x4  startup_stm32f411xe.o [1]
  .text              ro code   0x800'04e0    0x4  startup_stm32f411xe.o [1]
  .text              ro code   0x800'04e4    0x4  startup_stm32f411xe.o [1]
  .text              ro code   0x800'04e8    0x4  startup_stm32f411xe.o [1]
  .text              ro code   0x800'04ec    0x4  startup_stm32f411xe.o [1]
  .text              ro code   0x800'04f0    0x4  startup_stm32f411xe.o [1]
  .text              ro code   0x800'04f4    0x4  startup_stm32f411xe.o [1]
  .text              ro code   0x800'04f8    0x4  startup_stm32f411xe.o [1]
  .text              ro code   0x800'04fc    0x4  startup_stm32f411xe.o [1]
  .text              ro code   0x800'0500    0x4  startup_stm32f411xe.o [1]
  .text              ro code   0x800'0504    0x4  startup_stm32f411xe.o [1]
  .rodata            const     0x800'0508    0x0  copy_init3.o [7]
                             - 0x800'0508  0x370

"P2", part 1 of 2:                           0xc
  P2-1                        0x2000'0000    0xc  <Init block>
    .data            inited   0x2000'0000    0xc  stm32f4xx_hal.o [4]
                            - 0x2000'000c    0xc

"P2", part 2 of 2:                         0x400
  CSTACK                      0x2000'0010  0x400  <Block>
    CSTACK           uninit   0x2000'0010  0x400  <Block tail>
                            - 0x2000'0410  0x400

Unused ranges:

         From           To      Size
         ----           --      ----
   0x800'0508   0x807'ffff  0x7'faf8
  0x2000'000c  0x2000'000f       0x4
  0x2000'0410  0x2001'ffff  0x1'fbf0


*******************************************************************************
*** INIT TABLE
***

          Address      Size
          -------      ----
Copy (__iar_copy_init3)
    1 source range, total size 0xc:
           0x800'0424   0xc
    1 destination range, total size 0xc:
          0x2000'0000   0xc



*******************************************************************************
*** MODULE SUMMARY
***

    Module                 ro code  ro data  rw data
    ------                 -------  -------  -------
command line/config:
    ------------------------------------------------
    Total:

F:\Projects\STM32F411_project\C-Programm\EWARM\C-Programm\Obj\Application\EWARM: [1]
    startup_stm32f411xe.o      640
    ------------------------------------------------
    Total:                     640

F:\Projects\STM32F411_project\C-Programm\EWARM\C-Programm\Obj\Application\User\Core: [2]
    main.o                     344
    stm32f4xx_it.o              20
    ------------------------------------------------
    Total:                     364

F:\Projects\STM32F411_project\C-Programm\EWARM\C-Programm\Obj\Drivers\CMSIS: [3]
    system_stm32f4xx.o          16
    ------------------------------------------------
    Total:                      16

F:\Projects\STM32F411_project\C-Programm\EWARM\C-Programm\Obj\Drivers\STM32F4xx_HAL_Driver: [4]
    stm32f4xx_hal.o             16       12       12
    ------------------------------------------------
    Total:                      16       12       12

dl7M_tln.a: [5]
    exit.o                       4
    low_level_init.o             4
    ------------------------------------------------
    Total:                       8

m7M_tls.a: [6]
    fpinit_M.o                  34
    ------------------------------------------------
    Total:                      34

rt7M_tl.a: [7]
    cexit.o                     10
    cmain.o                     30
    copy_init3.o                42
    cstartup_M.o                28
    data_init.o                 40
    ------------------------------------------------
    Total:                     150

shb_l.a: [8]
    exit.o                      20
    ------------------------------------------------
    Total:                      20

    Gaps                         6        2
    Linker created                       20    1'024
----------------------------------------------------
    Grand Total:             1'254       34    1'036


*******************************************************************************
*** ENTRY LIST
***

Entry                       Address  Size  Type      Object
-----                       -------  ----  ----      ------
.iar.init_table$$Base    0x800'0368         --   Gb  - Linker created -
.iar.init_table$$Limit   0x800'037c         --   Gb  - Linker created -
?main                    0x800'037d        Code  Gb  cmain.o [7]
ADC_IRQHandler           0x800'0479        Code  Wk  startup_stm32f411xe.o [1]
BusFault_Handler         0x800'03e7   0x2  Code  Gb  stm32f4xx_it.o [2]
CSTACK$$Base            0x2000'0010         --   Gb  - Linker created -
CSTACK$$Limit           0x2000'0410         --   Gb  - Linker created -
DMA1_Stream0_IRQHandler
                         0x800'045d        Code  Wk  startup_stm32f411xe.o [1]
DMA1_Stream1_IRQHandler
                         0x800'0461        Code  Wk  startup_stm32f411xe.o [1]
DMA1_Stream2_IRQHandler
                         0x800'0465        Code  Wk  startup_stm32f411xe.o [1]
DMA1_Stream3_IRQHandler
                         0x800'0469        Code  Wk  startup_stm32f411xe.o [1]
DMA1_Stream4_IRQHandler
                         0x800'046d        Code  Wk  startup_stm32f411xe.o [1]
DMA1_Stream5_IRQHandler
                         0x800'0471        Code  Wk  startup_stm32f411xe.o [1]
DMA1_Stream6_IRQHandler
                         0x800'0475        Code  Wk  startup_stm32f411xe.o [1]
DMA1_Stream7_IRQHandler
                         0x800'04bd        Code  Wk  startup_stm32f411xe.o [1]
DMA2_Stream0_IRQHandler
                         0x800'04cd        Code  Wk  startup_stm32f411xe.o [1]
DMA2_Stream1_IRQHandler
                         0x800'04d1        Code  Wk  startup_stm32f411xe.o [1]
DMA2_Stream2_IRQHandler
                         0x800'04d5        Code  Wk  startup_stm32f411xe.o [1]
DMA2_Stream3_IRQHandler
                         0x800'04d9        Code  Wk  startup_stm32f411xe.o [1]
DMA2_Stream4_IRQHandler
                         0x800'04dd        Code  Wk  startup_stm32f411xe.o [1]
DMA2_Stream5_IRQHandler
                         0x800'04e5        Code  Wk  startup_stm32f411xe.o [1]
DMA2_Stream6_IRQHandler
                         0x800'04e9        Code  Wk  startup_stm32f411xe.o [1]
DMA2_Stream7_IRQHandler
                         0x800'04ed        Code  Wk  startup_stm32f411xe.o [1]
DebugMon_Handler         0x800'03ed   0x2  Code  Gb  stm32f4xx_it.o [2]
EXTI0_IRQHandler         0x800'0449        Code  Wk  startup_stm32f411xe.o [1]
EXTI15_10_IRQHandler     0x800'024d  0x28  Code  Gb  main.o [2]
EXTI1_IRQHandler         0x800'044d        Code  Wk  startup_stm32f411xe.o [1]
EXTI2_IRQHandler         0x800'0451        Code  Wk  startup_stm32f411xe.o [1]
EXTI3_IRQHandler         0x800'0455        Code  Wk  startup_stm32f411xe.o [1]
EXTI4_IRQHandler         0x800'0459        Code  Wk  startup_stm32f411xe.o [1]
EXTI9_5_IRQHandler       0x800'047d        Code  Wk  startup_stm32f411xe.o [1]
FLASH_IRQHandler         0x800'0441        Code  Wk  startup_stm32f411xe.o [1]
FPU_IRQHandler           0x800'04fd        Code  Wk  startup_stm32f411xe.o [1]
HAL_IncTick              0x800'03f5  0x10  Code  Wk  stm32f4xx_hal.o [4]
HardFault_Handler        0x800'03e3   0x2  Code  Gb  stm32f4xx_it.o [2]
I2C1_ER_IRQHandler       0x800'0499        Code  Wk  startup_stm32f411xe.o [1]
I2C1_EV_IRQHandler       0x800'0495        Code  Wk  startup_stm32f411xe.o [1]
I2C2_ER_IRQHandler       0x800'04a1        Code  Wk  startup_stm32f411xe.o [1]
I2C2_EV_IRQHandler       0x800'049d        Code  Wk  startup_stm32f411xe.o [1]
I2C3_ER_IRQHandler       0x800'04f9        Code  Wk  startup_stm32f411xe.o [1]
I2C3_EV_IRQHandler       0x800'04f5        Code  Wk  startup_stm32f411xe.o [1]
MemManage_Handler        0x800'03e5   0x2  Code  Gb  stm32f4xx_it.o [2]
NMI_Handler              0x800'03e1   0x2  Code  Gb  stm32f4xx_it.o [2]
OTG_FS_IRQHandler        0x800'04e1        Code  Wk  startup_stm32f411xe.o [1]
OTG_FS_WKUP_IRQHandler   0x800'04b9        Code  Wk  startup_stm32f411xe.o [1]
PVD_IRQHandler           0x800'0435        Code  Wk  startup_stm32f411xe.o [1]
PendSV_Handler           0x800'03ef   0x2  Code  Gb  stm32f4xx_it.o [2]
RCC_IRQHandler           0x800'0445        Code  Wk  startup_stm32f411xe.o [1]
RTC_Alarm_IRQHandler     0x800'04b5        Code  Wk  startup_stm32f411xe.o [1]
RTC_WKUP_IRQHandler      0x800'043d        Code  Wk  startup_stm32f411xe.o [1]
Region$$Table$$Base      0x800'0368         --   Gb  - Linker created -
Region$$Table$$Limit     0x800'037c         --   Gb  - Linker created -
Reset_Handler            0x800'0405        Code  Wk  startup_stm32f411xe.o [1]
SDIO_IRQHandler          0x800'04c1        Code  Wk  startup_stm32f411xe.o [1]
SPI1_IRQHandler          0x800'04a5        Code  Wk  startup_stm32f411xe.o [1]
SPI2_IRQHandler          0x800'04a9        Code  Wk  startup_stm32f411xe.o [1]
SPI3_IRQHandler          0x800'04c9        Code  Wk  startup_stm32f411xe.o [1]
SPI4_IRQHandler          0x800'0501        Code  Wk  startup_stm32f411xe.o [1]
SPI5_IRQHandler          0x800'0505        Code  Wk  startup_stm32f411xe.o [1]
SVC_Handler              0x800'03eb   0x2  Code  Gb  stm32f4xx_it.o [2]
SysTick_Handler          0x800'03f1   0x4  Code  Gb  stm32f4xx_it.o [2]
SystemInit               0x800'0415   0xc  Code  Gb  system_stm32f4xx.o [3]
TAMP_STAMP_IRQHandler    0x800'0439        Code  Wk  startup_stm32f411xe.o [1]
TIM1_BRK_TIM9_IRQHandler
                         0x800'0481        Code  Wk  startup_stm32f411xe.o [1]
TIM1_CC_IRQHandler       0x800'048d        Code  Wk  startup_stm32f411xe.o [1]
TIM1_TRG_COM_TIM11_IRQHandler
                         0x800'0489        Code  Wk  startup_stm32f411xe.o [1]
TIM1_UP_TIM10_IRQHandler
                         0x800'0485        Code  Wk  startup_stm32f411xe.o [1]
TIM2_IRQHandler          0x800'0491        Code  Wk  startup_stm32f411xe.o [1]
TIM3_IRQHandler          0x800'028f  0x24  Code  Gb  main.o [2]
TIM4_IRQHandler          0x800'0275  0x1a  Code  Gb  main.o [2]
TIM5_IRQHandler          0x800'04c5        Code  Wk  startup_stm32f411xe.o [1]
USART1_IRQHandler        0x800'04ad        Code  Wk  startup_stm32f411xe.o [1]
USART2_IRQHandler        0x800'04b1        Code  Wk  startup_stm32f411xe.o [1]
USART6_IRQHandler        0x800'04f1        Code  Wk  startup_stm32f411xe.o [1]
UsageFault_Handler       0x800'03e9   0x2  Code  Gb  stm32f4xx_it.o [2]
WWDG_IRQHandler          0x800'0431        Code  Wk  startup_stm32f411xe.o [1]
__cmain                  0x800'037d        Code  Gb  cmain.o [7]
__exit                   0x800'03b1  0x14  Code  Gb  exit.o [8]
__iar_copy_init3         0x800'02f1  0x2a  Code  Gb  copy_init3.o [7]
__iar_data_init3         0x800'031d  0x28  Code  Gb  data_init.o [7]
__iar_init_vfp           0x800'0345        Code  Gb  fpinit_M.o [6]
__iar_program_start      0x800'03c5        Code  Gb  cstartup_M.o [7]
__low_level_init         0x800'039b   0x4  Code  Gb  low_level_init.o [5]
__vector_table           0x800'0000        Data  Gb  startup_stm32f411xe.o [1]
_call_main               0x800'0389        Code  Gb  cmain.o [7]
_exit                    0x800'03a5        Code  Gb  cexit.o [7]
exit                     0x800'039f   0x4  Code  Gb  exit.o [5]
init                     0x800'0199  0xac  Code  Gb  main.o [2]
main                     0x800'0245   0x8  Code  Gb  main.o [2]
uwTick                  0x2000'0004   0x4  Data  Gb  stm32f4xx_hal.o [4]
uwTickFreq              0x2000'0000   0x1  Data  Gb  stm32f4xx_hal.o [4]
uwTickPrio              0x2000'0008   0x4  Data  Gb  stm32f4xx_hal.o [4]


[1] = F:\Projects\STM32F411_project\C-Programm\EWARM\C-Programm\Obj\Application\EWARM
[2] = F:\Projects\STM32F411_project\C-Programm\EWARM\C-Programm\Obj\Application\User\Core
[3] = F:\Projects\STM32F411_project\C-Programm\EWARM\C-Programm\Obj\Drivers\CMSIS
[4] = F:\Projects\STM32F411_project\C-Programm\EWARM\C-Programm\Obj\Drivers\STM32F4xx_HAL_Driver
[5] = dl7M_tln.a
[6] = m7M_tls.a
[7] = rt7M_tl.a
[8] = shb_l.a

  1'254 bytes of readonly  code memory
     34 bytes of readonly  data memory
  1'036 bytes of readwrite data memory

Errors: none
Warnings: none
